// Jest Snapshot v1, https://goo.gl/fbAQLP

exports[`App tests App component renders correctly 1`] = `ReactWrapper {}`;
